[
    {
        "name": "New Year's  Day",
        "date": "2024-01-01"
    },
    {
        "name": "Peace Agreement Day",
        "date": "2024-01-09"
    },
    {
        "name": "International Women's Day",
        "date": "2024-03-08"
    },
    {
        "name": "Good Friday",
        "date": "2024-03-29"
    },
    {
        "name": "Easter Monday",
        "date": "2024-04-01"
    },
    {
        "name": "Labour Day",
        "date": "2024-05-01"
    },
    {
        "name": "SPLA Day",
        "date": "2024-05-16"
    },
    {
        "name": "Independence Day",
        "date": "2024-07-09"
    },
    {
        "name": "Martyrs' Day",
        "date": "2024-07-30"
    },
    {
        "name": "Christmas Day",
        "date": "2024-12-25"
    },
    {
        "name": "Boxing Day",
        "date": "2024-12-26"
    },
    {
        "name": "Republic Day",
        "date": "2024-12-28"
    }
]